vite v6.3.5 building for production...
transforming...
✓ 2460 modules transformed.
rendering chunks...
computing gzip size...
dist-a4/assets/slick-BlzDm7g2.svg                                          2.15 kB │ gzip:   0.91 kB
dist-a4/assets/ajax-loader-BcnMEykj.gif                                    4.18 kB
dist-a4/index.html                                                         5.10 kB │ gzip:   1.84 kB
dist-a4/assets/0_2-BtRG3mD2.webp                                           7.04 kB
dist-a4/assets/journal-7-cover-CQVRQJ_9.webp                              15.24 kB
dist-a4/assets/ca9abe862ac1bfee95045e08a8d97f21981b65dc-DxjiINNW.webp     16.35 kB
dist-a4/assets/b14b67ba2d6df576bef8431f5353f2a1244c4815-CkXLfySY.webp     16.52 kB
dist-a4/assets/590f188d1475875fa3221bb4f86c99f935f70cbe-CXqr7IGm.webp     16.70 kB
dist-a4/assets/3 2-7rNTuHjK.webp                                          19.13 kB
dist-a4/assets/05-price-chart-DKvBVulH.webp                               19.50 kB
dist-a4/assets/0_3-C84Yf4v5.webp                                          19.52 kB
dist-a4/assets/03-compare-C-mdS5zn.webp                                   19.84 kB
dist-a4/assets/e9e0c20de4346f961fc2e9469ef295e4b015b901-B7qLOl1c.webp     21.11 kB
dist-a4/assets/c49057385a8b349bc99b8d4d1d1bb707f4674bb3-C7Qtld0t.webp     22.99 kB
dist-a4/assets/4 2-DrFXbmra.webp                                          25.84 kB
dist-a4/assets/06-renovation-calc-Bg_-wecE.webp                           26.41 kB
dist-a4/assets/04-region-detail-OI4w4WgF.webp                             32.41 kB
dist-a4/assets/caterelo-cover-BV8BIBEb.webp                               33.50 kB
dist-a4/assets/2 2-CvNEU5h1.webp                                          41.37 kB
dist-a4/assets/58c74394310b11dfca043fb3b1d11720ddb56065-_rVQk1uO.webp     42.63 kB
dist-a4/assets/1f28b418f11aaea61d562420766fd66383fe0405-MUstF3bZ.webp     44.18 kB
dist-a4/assets/f5bde9dbf97a6173262b508893d89c9f53e04258-BqmYKS7-.webp     47.02 kB
dist-a4/assets/journal-8-cover-DPpG-rTd.webp                              47.90 kB
dist-a4/assets/eebf0f709c3cd8c99d83da2f3eba5767e761d673-Mz8SPYS4.webp     49.37 kB
dist-a4/assets/02-region-map-BS6cb2R-.webp                                50.76 kB
dist-a4/assets/04b8212c348ba87b31f3fb0fdf4b1e2cf2d7e8f3-CKDyXv0o.webp     53.60 kB
dist-a4/assets/ba749ac924400bb32e1a42b8f18e7464907fccd8-BJexMTyi.webp     56.94 kB
dist-a4/assets/Background-BheeteaY.webp                                   59.34 kB
dist-a4/assets/benefit-master-Bwhv9J8x.webp                               60.55 kB
dist-a4/assets/85688108fd26519f5f268b0edee3e11082b409ab-DkXXhd4z.webp     60.60 kB
dist-a4/assets/02-process-flow-tCXZ8mk0.webp                              62.14 kB
dist-a4/assets/00ba10d702fb047d9a6ba4780de74db73f7e5403-kQZht_w6.webp     65.40 kB
dist-a4/assets/04-mobile-demo-fGKaKes1.webp                               65.60 kB
dist-a4/assets/sonova-master-BPlHsGL6.webp                                65.78 kB
dist-a4/assets/regionalfit-cover-DjYvcU5-.webp                            71.40 kB
dist-a4/assets/5560d70ae6cb2aae698382d474abd8298c9b4c98-WEndzFGI.webp     73.68 kB
dist-a4/assets/d1bbac7e4cf37ccfc8e8489eb7911a7cba54f0c6-DOreFWK5.webp     78.22 kB
dist-a4/assets/5 2-D6cluuTm.webp                                          78.23 kB
dist-a4/assets/01-europe-overview-BOiisVgP.webp                           83.69 kB
dist-a4/assets/51e11441d7c02bfa2791df691e15dbf208a105e4-CxnSNnOe.webp     87.52 kB
dist-a4/assets/06-users-roles-C9ErtQjk.webp                               88.03 kB
dist-a4/assets/1 9-DgXXf_4K.webp                                          88.53 kB
dist-a4/assets/6 2-C4eTG9jW.webp                                          91.44 kB
dist-a4/assets/7750d53403eee4d14f322fd5a118f3c5750f51a5-CAQxZrVV.webp     93.53 kB
dist-a4/assets/209f8cbc4090410c2f591ddabbe7a2b127fba064-BNgj7PAV.webp     93.72 kB
dist-a4/assets/7e48eef64acdf4a81ce924544991a70fa72de099-5ZTysyrN.webp     98.97 kB
dist-a4/assets/27-BCG4tlL3.webp                                          105.19 kB
dist-a4/assets/a2fb88b4a767274b92af34ad6534183768eeef35-De5ExDKs.webp    107.46 kB
dist-a4/assets/0_2-green-BBRndRxX.webp                                   107.78 kB
dist-a4/assets/1f8226a360c36242f8b1cd87137b2ed45b5b12eb-Dh1jHBo2.webp    112.87 kB
dist-a4/assets/03-network-map-DKB34mG2.webp                              113.58 kB
dist-a4/assets/70ffa00b6de8a7019dca4820d3f27c34ceb12f29-C8ZaZbeU.webp    114.34 kB
dist-a4/assets/4d1f7797ea1d8d7473233f7ab8d2f56fb3186fa4-CHuIN61F.webp    115.62 kB
dist-a4/assets/Group 636667-DLHAaSzx.webp                                115.69 kB
dist-a4/assets/76e847d9bccd1dc5e3e21726a452b712839f339d-Da1fB6i6.webp    118.13 kB
dist-a4/assets/07174841306f7651acc2728ea5690360b2c0896c-vu1jKIRv.webp    123.52 kB
dist-a4/assets/352e6d0d08b2645318c6602909418ca9ae456250-Cu5dDC7N.webp    123.68 kB
dist-a4/assets/23fa00f7824aa041c745cd0a2128c70bb7554f79-BKpZZYV9.webp    128.91 kB
dist-a4/assets/ff5c7b5d6db2610ec21e962e7ac6e1eec5c9b1ef-ldm_pceU.webp    132.68 kB
dist-a4/assets/fa2519b057d62b113e618bbc8a4d1444a79ccf8b-txnWoNhI.webp    138.70 kB
dist-a4/assets/a4e5cfe65f5adbdf1bcf845f9b99f3ba39177d4e-BHNxQXye.webp    140.79 kB
dist-a4/assets/eb31f0fd6023ee1b0a1d37d3abadc6b5c9b719ef-BtOsGYeA.webp    150.28 kB
dist-a4/assets/RP3-DYqw58ej.webp                                         150.61 kB
dist-a4/assets/51f00fe90a9650cf992b64f1a354e63e83efdfe5-BeE63dq3.webp    150.66 kB
dist-a4/assets/64d75b93efc7e2276259be86fa58f58167868519-BdCpRn2b.webp    157.10 kB
dist-a4/assets/RP1-DMsVeUJ-.webp                                         158.30 kB
dist-a4/assets/BP1-DpqEWZbv.webp                                         162.10 kB
dist-a4/assets/BP3-p5G4g9bo.webp                                         163.32 kB
dist-a4/assets/05-brief-detail-B83jZ0Ve.webp                             166.12 kB
dist-a4/assets/d7d8b655b0c0a00ac55aefb2c11480f6ada173de-DuHlq4eO.webp    176.34 kB
dist-a4/assets/BP2-O7DpjHKJ.webp                                         180.26 kB
dist-a4/assets/archicom-night-rendering-BtIYUS28.webp                    229.75 kB
dist-a4/assets/RP2-BxQwbLYh.webp                                         234.17 kB
dist-a4/assets/Frame 636509 2-B_-Hlwyy.webp                              266.19 kB
dist-a4/assets/BP4-Chq0CyzE.webp                                         279.66 kB
dist-a4/assets/RP4-BbUFPl5B.webp                                         332.96 kB
dist-a4/assets/58f9891995f72756719a6583adb94e90f0590ad3-GL28616K.webp    341.72 kB
dist-a4/assets/cc83c611649a28a788fdbc804faca8660ef993e6-Dw7CF-8e.webp    572.08 kB
dist-a4/assets/bkg1 2-CjwMLXYF.webp                                      743.08 kB
dist-a4/assets/journal-6-cover-HmKeIJYW.webp                             837.52 kB
dist-a4/assets/reszek-glass-portrait-D9jlhr83.png                      1,782.96 kB
dist-a4/assets/Home-2d6kTBOk.css                                          13.62 kB │ gzip:   3.90 kB
dist-a4/assets/index-Cn548fXp.css                                        288.39 kB │ gzip:  49.07 kB
dist-a4/assets/chevron-down-DSd6ASwo.js                                    0.30 kB │ gzip:   0.25 kB
dist-a4/assets/chevron-right-DHmI8Pxk.js                                   0.30 kB │ gzip:   0.25 kB
dist-a4/assets/loader-circle-B_wyTrFQ.js                                   0.31 kB │ gzip:   0.26 kB
dist-a4/assets/mail-Bgg81cfg.js                                            0.38 kB │ gzip:   0.30 kB
dist-a4/assets/external-link-JlMhFVYe.js                                   0.42 kB │ gzip:   0.31 kB
dist-a4/assets/zap-DH3arw4K.js                                             0.44 kB │ gzip:   0.31 kB
dist-a4/assets/Reveal-DBXMDIMD.js                                          0.55 kB │ gzip:   0.38 kB
dist-a4/assets/layers-DP_HEcqL.js                                          0.59 kB │ gzip:   0.34 kB
dist-a4/assets/ImageWithFallback-DT0ccn-d.js                               0.91 kB │ gzip:   0.63 kB
dist-a4/assets/HoverVideoImage-C7-nfl0p.js                                 1.18 kB │ gzip:   0.68 kB
dist-a4/assets/lock-Bq8WmjZD.js                                            1.31 kB │ gzip:   0.54 kB
dist-a4/assets/MagneticButton-DZYIsPja.js                                  1.70 kB │ gzip:   0.97 kB
dist-a4/assets/target-DKzin-im.js                                          1.79 kB │ gzip:   0.66 kB
dist-a4/assets/BriefAccess-Dr-1MlUL.js                                     2.20 kB │ gzip:   1.07 kB
dist-a4/assets/Privacy-DQj47VIX.js                                         2.37 kB │ gzip:   0.98 kB
dist-a4/assets/ChipTooltip-CKlSIlG4.js                                     2.40 kB │ gzip:   1.13 kB
dist-a4/assets/PageTransition-Bf9_excK.js                                  2.66 kB │ gzip:   1.11 kB
dist-a4/assets/ImageHover-C6oWkUzm.js                                      2.97 kB │ gzip:   1.38 kB
dist-a4/assets/Industries-H9szEASo.js                                      3.85 kB │ gzip:   1.59 kB
dist-a4/assets/Cookies-DSUF85Eu.js                                         4.22 kB │ gzip:   1.46 kB
dist-a4/assets/Journal-BWRvsUG6.js                                         4.50 kB │ gzip:   1.64 kB
dist-a4/assets/Contact-B50K02Lb.js                                         6.96 kB │ gzip:   2.51 kB
dist-a4/assets/JournalArticle-CdWUztxp.js                                  7.06 kB │ gzip:   2.35 kB
dist-a4/assets/FAQ-CbCRuJ6f.js                                             7.12 kB │ gzip:   3.06 kB
dist-a4/assets/Deliverables-Bbq3fbiZ.js                                    7.49 kB │ gzip:   2.19 kB
dist-a4/assets/ServiceDetail-BPXOVmPi.js                                   8.43 kB │ gzip:   3.10 kB
dist-a4/assets/Work-DKFJwNvf.js                                            9.23 kB │ gzip:   2.18 kB
dist-a4/assets/industries-BcFNHQpI.js                                     10.30 kB │ gzip:   3.64 kB
dist-a4/assets/IndustryDetail-DiknXtVg.js                                 14.78 kB │ gzip:   3.88 kB
dist-a4/assets/Philosophy-C8uOA84T.js                                     15.84 kB │ gzip:   5.50 kB
dist-a4/assets/Diagnostic-CYptrazA.js                                     19.98 kB │ gzip:   6.88 kB
dist-a4/assets/vendor-lenis-D9BGFU_5.js                                   20.62 kB │ gzip:   6.07 kB
dist-a4/assets/ProjectDetails-CjWJm8Qi.js                                 21.70 kB │ gzip:   5.88 kB
dist-a4/assets/purify.es-BgtpMKW3.js                                      22.77 kB │ gzip:   8.79 kB
dist-a4/assets/Glossary-BPa6C3H-.js                                       23.24 kB │ gzip:   8.75 kB
dist-a4/assets/LimitedAccess3-ClOuaIsJ.js                                 26.28 kB │ gzip:   6.63 kB
dist-a4/assets/Pricing-CEalocOX.js                                        30.82 kB │ gzip:   6.23 kB
dist-a4/assets/LimitedAccess5-BrCjY-ZJ.js                                 34.45 kB │ gzip:   9.65 kB
dist-a4/assets/LimitedAccess5Pricing-B_Etvw4-.js                          41.91 kB │ gzip:   8.38 kB
dist-a4/assets/LimitedAccess5Meeting-D4r24zIO.js                          44.23 kB │ gzip:  10.32 kB
dist-a4/assets/Process-BfnIUTHE.js                                        51.89 kB │ gzip:  15.91 kB
dist-a4/assets/Services-dt4cJWzR.js                                       51.92 kB │ gzip:  14.04 kB
dist-a4/assets/LimitedAccess2-DrAkc-xi.js                                 63.52 kB │ gzip:  18.74 kB
dist-a4/assets/Home-Boxwz-T0.js                                          107.43 kB │ gzip:  32.53 kB
dist-a4/assets/vendor-react-CHf8Vlm_.js                                  134.67 kB │ gzip:  43.23 kB
dist-a4/assets/vendor-motion-BCUWml_m.js                                 148.13 kB │ gzip:  49.28 kB
dist-a4/assets/index.es-DRI9nIlZ.js                                      159.74 kB │ gzip:  53.59 kB
dist-a4/assets/html2canvas.esm-QH1iLAAe.js                               202.38 kB │ gzip:  48.04 kB
dist-a4/assets/jspdf.es.min-3qnJKRFD.js                                  390.68 kB │ gzip: 128.85 kB
dist-a4/assets/index-DHyP19DA.js                                         465.36 kB │ gzip: 139.71 kB
✓ built in 4.97s
BUILD_OK
